
> groundwater-dashboard@1.0.0 build
> vite build

[36mvite v5.4.21 [32mbuilding for production...[36m[39m
transforming...
[32mΓ£ô[39m 108 modules transformed.
rendering chunks...
computing gzip size...
[2mdist/[22m[32mindex.html                              [39m[1m[2m  0.82 kB[22m[1m[22m[2m Γöé gzip:  0.42 kB[22m
[2mdist/[22m[35massets/AIModelMethodology-DMjapvl0.css  [39m[1m[2m  4.41 kB[22m[1m[22m[2m Γöé gzip:  1.44 kB[22m
[2mdist/[22m[35massets/Home-DGdRgmx5.css                [39m[1m[2m 14.77 kB[22m[1m[22m[2m Γöé gzip:  3.73 kB[22m
[2mdist/[22m[35massets/vendor-leaflet-BTrKGrB8.css      [39m[1m[2m 16.23 kB[22m[1m[22m[2m Γöé gzip:  6.60 kB[22m
[2mdist/[22m[35massets/index-BZPx6SDv.css               [39m[1m[2m 87.14 kB[22m[1m[22m[2m Γöé gzip: 17.11 kB[22m
[2mdist/[22m[36massets/AIModelMethodology-CFVuaz7H.js   [39m[1m[2m  8.90 kB[22m[1m[22m[2m Γöé gzip:  2.63 kB[22m
[2mdist/[22m[36massets/VillageActionPanel-iCydLJr4.js   [39m[1m[2m 12.18 kB[22m[1m[22m[2m Γöé gzip:  3.94 kB[22m
[2mdist/[22m[36massets/Home-CSV178E-.js                 [39m[1m[2m 21.74 kB[22m[1m[22m[2m Γöé gzip:  6.40 kB[22m
[2mdist/[22m[36massets/MapView-DNciW-NA.js              [39m[1m[2m 56.07 kB[22m[1m[22m[2m Γöé gzip: 15.75 kB[22m
[2mdist/[22m[36massets/vendor-others-DHH8-g4D.js        [39m[1m[2m141.96 kB[22m[1m[22m[2m Γöé gzip: 45.49 kB[22m
[2mdist/[22m[36massets/vendor-leaflet-DxY2GO-0.js       [39m[1m[2m190.37 kB[22m[1m[22m[2m Γöé gzip: 54.14 kB[22m
[2mdist/[22m[36massets/index-BKuR6_fd.js                [39m[1m[2m275.57 kB[22m[1m[22m[2m Γöé gzip: 53.61 kB[22m
[32mΓ£ô built in 2.40s[39m
